congruentvc.com attr=0
clocktowerventures.com attr=0
783capital.com attr=0
endeavor.org attr=0
regeneraventures.com attr=0
angelventures.vc attr=0
atlantico.vc attr=0
wayra.com attr=0
bavaria.co attr=0
kiboventures.com attr=0
tmv.com attr=0
greenbull.com attr=0
blink.vc attr=0
savia.vc attr=0
angelventures.vc skip
flybridge.com attr=0
mourocapital.com attr=0
newroadcp.com attr=0
crossboundary.com attr=0
simmacapital.com attr=0
voxcapital.com.br attr=0
checkmatecap.com attr=0
daluscapital.com attr=0
circulatecapital.com attr=0
greenbondcorp.com attr=0
onevc.vc attr=0
collide.capital attr=0
