13100496708 congruentvc.com 0 attr
13028364943 bii.co.uk 0 attr
13100506386 clocktowerventures.com 0 attr
13028360241 plasticrepairsystem.com 0 attr
13028372613 783capital.com 0 attr
13114396029 endeavor.org 0 attr
13100489076 regeneraventures.com 0 attr
13028350632 angelventures.vc 0 attr
13114466721 atlantico.vc 0 attr
13100509887 wayra.com 0 attr
13028336707 bavaria.co 0 attr
13100496455 amplificacapital.com 0 attr
13100509893 kiboventures.com 0 attr
13028370676 tmv.com 0 attr
13028372799 greenbull.com 0 attr
13080769456 blink.vc 0 attr
13028370683 savia.vc 0 attr
13100506379 angelventures.vc 0 attr
13114411688 flybridge.com 0 attr
13028403427 psvfoundry.com 0 attr
13100505949 mourocapital.com 0 attr
13100511323 newroadcp.com 0 attr
13080768682 crossboundary.com 0 attr
13028370003 simmacapital.com 0 attr
13100506389 voxcapital.com.br 0 attr
13028359182 checkmatecap.com 0 attr
13096668277 daluscapital.com 0 attr
13028349815 circulatecapital.com 0 attr
13028336225 greenbondcorp.com 0 attr
13114451141 onevc.vc 0 attr
13114460590 collide.capital 0 attr
13028370265 manatechmiami.com 0 attr
13028371139 axelcarbon.com 0 attr
Wrote /workspace/mail-finder/deep50-2026-09-24/batch1/crawl_results.json
