[1/20] Federico Storani @ riverwoodcapital.com
[2/20] Filipe Portugal @ canary.com.br
[3/20] Jonathan Duarte @ crossboundary.com
[4/20] Maite Fibla Gasparin @ ship2bventures.com
[5/20] Igor Piquet @ endeavor.org
[6/20] Jason Sydow @ next47.com
[7/20] Rabobank Partnerships @ rabobank.com
[8/20] Eduardo González Montes de Oca @ bbvaspark.com
[9/20] Abe Yokell @ congruentvc.com
[10/20] Alistair Langer @ 783capital.com
[11/20] Amaya Baliño Sanz @ angelventures.vc
[12/20] Camilo Kejner @ angelventures.vc
[13/20] Christopher Gottschalk @ mourocapital.com
[14/20] CrossBoundary @ crossboundary.com
[15/20] Elias Mufarech @ collide.capital
[16/20] Fernando Lelo de Larrea H @ rumbo.vc
[17/20] Humberto Matsuda @ overboost.vc
[18/20] Ingo Ramesohl @ bosch.ventures
[19/20] Jean-Marc Champagne @ senecaimpact.com
[20/20] Kamal Hassan @ turn8.co
DONE {'EMPTY': 18, 'HOLD': 2}
